      "sha256_before": "18290818f25e441d6acf4fe5d8d2b8a875b3be772fa9abccbe2954217bbfe4f4",
      "sha256_after": "18290818f25e441d6acf4fe5d8d2b8a875b3be772fa9abccbe2954217bbfe4f4",
      "repair": "none"
    },
    {
      "chunk": "04",
      "chars": 12000,
      "sha256_before": "93cbe43e53472b1b728b2a8c778c1ef4522f262c6542c1e5602c72ab92b9c140",
      "sha256_after": "93cbe43e53472b1b728b2a8c778c1ef4522f262c6542c1e5602c72ab92b9c140",
      "repair": "none"
    },
    {
      "chunk": "05",
      "chars": 12000,
      "sha256_before": "52857c3bc29f3d7d872e4c0d29d331e2dc811135f1951b58abf752d48213e8c6",
      "sha256_after": "52857c3bc29f3d7d872e4c0d29d331e2dc811135f1951b58abf752d48213e8c6",
      "repair": "none"
    },
    {
      "chunk": "06",
      "chars": 7016,
      "sha256_before": "81cb1d0d642a6318ba435752e8a401b5cdab684d0e99418353e0309a643f3304",
      "sha256_after": "81cb1d0d642a6318ba435752e8a401b5cdab684d0e99418353e0309a643f3304",
      "repair": "none"
    }
  ],
  "members": [
    "M4PioneerStableExposureV10.py",
    "V10_REFERENCE_LEDGER.csv",
    "backtesting_memory_patch_v3.diff",
    "compare_trade_ledgers.py",
    "config_ip04_v10_continuous.json",
    "freqtrade_offline.py"
  ]
}
Cloning into 'freqtrade_src'...
Updating files:   0% (1/779)
Updating files:   1% (8/779)
Updating files:   2% (16/779)
Updating files:   3% (24/779)
Updating files:   4% (32/779)
Updating files:   5% (39/779)
Updating files:   6% (47/779)
Updating files:   7% (55/779)
Updating files:   8% (63/779)
Updating files:   9% (71/779)
Updating files:  10% (78/779)
Updating files:  11% (86/779)
Updating files:  12% (94/779)
Updating files:  13% (102/779)
Updating files:  14% (110/779)
Updating files:  15% (117/779)
Updating files:  16% (125/779)
Updating files:  17% (133/779)
Updating files:  18% (141/779)
Updating files:  19% (149/779)
Updating files:  20% (156/779)
Updating files:  21% (164/779)
Updating files:  22% (172/779)
Updating files:  23% (180/779)
Updating files:  24% (187/779)
Updating files:  25% (195/779)
Updating files:  26% (203/779)
Updating files:  27% (211/779)
Updating files:  28% (219/779)
Updating files:  29% (226/779)
Updating files:  30% (234/779)
Updating files:  31% (242/779)
Updating files:  32% (250/779)
Updating files:  33% (258/779)
Updating files:  34% (265/779)
Updating files:  35% (273/779)
Updating files:  36% (281/779)
Updating files:  37% (289/779)
Updating files:  38% (297/779)
Updating files:  39% (304/779)
Updating files:  40% (312/779)
Updating files:  41% (320/779)
Updating files:  42% (328/779)
Updating files:  43% (335/779)
Updating files:  44% (343/779)
Updating files:  45% (351/779)
Updating files:  46% (359/779)
Updating files:  47% (367/779)
Updating files:  48% (374/779)
Updating files:  49% (382/779)
Updating files:  50% (390/779)
Updating files:  51% (398/779)
Updating files:  52% (406/779)
Updating files:  53% (413/779)
Updating files:  54% (421/779)
Updating files:  55% (429/779)
Updating files:  56% (437/779)
Updating files:  57% (445/779)
Updating files:  58% (452/779)
Updating files:  59% (460/779)
Updating files:  60% (468/779)
Updating files:  61% (476/779)
Updating files:  62% (483/779)
Updating files:  63% (491/779)
Updating files:  64% (499/779)
Updating files:  65% (507/779)
Updating files:  66% (515/779)
Updating files:  67% (522/779)
Updating files:  68% (530/779)
Updating files:  69% (538/779)
Updating files:  70% (546/779)
Updating files:  71% (554/779)
Updating files:  72% (561/779)
Updating files:  73% (569/779)
Updating files:  74% (577/779)
Updating files:  75% (585/779)
Updating files:  76% (593/779)
Updating files:  77% (600/779)
Updating files:  78% (608/779)
Updating files:  79% (616/779)
Updating files:  80% (624/779)
Updating files:  81% (631/779)
Updating files:  82% (639/779)
Updating files:  83% (647/779)
Updating files:  84% (655/779)
Updating files:  85% (663/779)
Updating files:  86% (670/779)
Updating files:  87% (678/779)
Updating files:  88% (686/779)
Updating files:  89% (694/779)
Updating files:  90% (702/779)
Updating files:  91% (709/779)
Updating files:  92% (717/779)
Updating files:  93% (725/779)
Updating files:  94% (733/779)
Updating files:  95% (741/779)
Updating files:  96% (748/779)
Updating files:  97% (756/779)
Updating files:  98% (764/779)
Updating files:  99% (772/779)
Updating files: 100% (779/779)
Updating files: 100% (779/779), done.
HEAD is now at 77cabd291 Merge pull request #13128 from freqtrade/update/binance-leverage-tiers
{
  "contract": "FQT_PROJECT_SOURCE_COMMIT_PARITY_V1",
  "local_archive_develop_ref": "77cabd291fa656ec6a1d237cfa524ee792133d89",
  "expected_commit": "77cabd291fa656ec6a1d237cfa524ee792133d89",
  "external_clone_head": "77cabd291fa656ec6a1d237cfa524ee792133d89",
  "archive_parts": [
    {
      "path": "freqtrade_backup.7z.001",
      "bytes": 314572800,
      "sha256": "127fa2215b3f86d2cd58b542ac2cc360b51a7b2695cb14a15b13deb27d1ab2de"
    },
    {
      "path": "freqtrade_backup.7z.002",
      "bytes": 314572800,
      "sha256": "1563629351f85bb36bb795e8a8a58efe6fc11c7e9253a10065141befdd544ef3"
    },
    {
      "path": "freqtrade_backup.7z.003",
      "bytes": 314572800,
      "sha256": "4acba65c3065ca97297f2b249dc538cece89a510fb49e7e3782e4b1c0a56d988"
    },
    {
      "path": "freqtrade_backup.7z.004",
      "bytes": 314572800,
      "sha256": "62da958738686f93d65bc53ff633aaf5689fb4250e9a49d07a494c5d7b95282f"
    },
    {
      "path": "freqtrade_backup.7z.005",
      "bytes": 141216289,
      "sha256": "f1f10fac29253c78a7480b556e689629036b6108942aa4a98c4d183fa10dcb0e"
    }
  ],
  "status": "PASS"
}
patching file freqtrade/optimize/backtesting.py
{
  "contract": "FQT_V24_LOOKAHEAD_EXECUTION_AND_DOUBLE_SIGNAL_PATCH_V2",
  "helper_path": "freqtrade_src/freqtrade/optimize/analysis/lookahead_helpers.py",
  "lookahead_path": "freqtrade_src/freqtrade/optimize/analysis/lookahead.py",
  "helper_before_sha256": "b8deedaf42988912348e55664e080cb559616d98e9d104816b006f5229cd1e08",
  "helper_after_sha256": "20a59e10da830f7db63e87c341a4d5a9c8825d8bf295bc7bb0912c9ad3536688",
  "lookahead_before_sha256": "ec23a347e74f83b1f5a19b4bcbdfcdd473d02db92af4a50631b655bdf7d435ff",
  "lookahead_after_sha256": "594063a6a2e04b0f1b7b30c14f731fa74dfbdb5e6d2c4fe2deb68cc679f8b8bc",
  "root_cause": {
    "normal_backtest": "advise indicators, then ft_advise_signals once inside backtest",
    "old_lookahead": "ft_advise_signals in prepare_data, then ft_advise_signals again inside backtest",
    "strategy_interaction": "populate_exit_trend compacts the frame, so the second pass lacks required indicator columns and emits zero entries",
    "observed_symptom": "native lookahead baseline found zero result trades while the identical normal portfolio run had 663 trades"
  },
  "semantic_change": {
    "generic_lane": "replace -1 max_open_trades sentinel with positive pair count; retain 1B wallet and 10k stake overrides",
    "production_lane": "optional config flag preserves max_open_trades=2, wallet=1000 and stake_amount=unlimited",
    "lookahead_baseline": "apply strategy signals exactly once, matching normal Backtesting.backtest semantics",
    "indicator_comparison": "retain independently signalled frames for full-vs-cut indicator/signal comparison",
    "strategy_alpha": "unchanged"
  }
}
Requirement already satisfied: pip in /opt/hostedtoolcache/Python/3.12.13/x64/lib/python3.12/site-packages (26.2.1)
Collecting setuptools
  Downloading setuptools-84.0.0-py3-none-any.whl.metadata (6.6 kB)
Collecting wheel
  Downloading wheel-0.48.0-py3-none-any.whl.metadata (2.3 kB)
Collecting packaging>=24.0 (from wheel)
  Downloading packaging-26.3-py3-none-any.whl.metadata (3.5 kB)
Downloading setuptools-84.0.0-py3-none-any.whl (818 kB)
   ━━━━━━━━━━━━━━━━━━━━━━━━━━━━━━━━━━━━━━━━ 818.2/818.2 kB 66.1 MB/s  0:00:00
Downloading wheel-0.48.0-py3-none-any.whl (33 kB)
Downloading packaging-26.3-py3-none-any.whl (129 kB)
Installing collected packages: setuptools, packaging, wheel

Successfully installed packaging-26.3 setuptools-84.0.0 wheel-0.48.0
Obtaining file:///home/runner/work/Indy/Indy/fqt_v26_work/freqtrade_src
  Installing build dependencies: started
  Installing build dependencies: finished with status 'done'
  Checking if build backend supports build_editable: started
  Checking if build backend supports build_editable: finished with status 'done'
  Getting requirements to build editable: started
  Getting requirements to build editable: finished with status 'done'
  Preparing editable metadata (pyproject.toml): started
  Preparing editable metadata (pyproject.toml): finished with status 'done'
Collecting ccxt>=4.5.4 (from freqtrade==2026.5.dev0)
  Downloading ccxt-4.5.76-py3-none-any.whl.metadata (156 kB)
Collecting SQLAlchemy>=2.0.6 (from freqtrade==2026.5.dev0)
  Downloading sqlalchemy-2.0.52-cp312-cp312-manylinux2014_x86_64.manylinux_2_17_x86_64.manylinux_2_28_x86_64.whl.metadata (9.6 kB)
Collecting python-telegram-bot>=20.1 (from freqtrade==2026.5.dev0)
  Downloading python_telegram_bot-22.8-py3-none-any.whl.metadata (17 kB)
Collecting humanize>=4.0.0 (from freqtrade==2026.5.dev0)
  Downloading humanize-4.16.0-py3-none-any.whl.metadata (8.0 kB)
Collecting cachetools (from freqtrade==2026.5.dev0)
  Downloading cachetools-7.1.7-py3-none-any.whl.metadata (5.5 kB)
Collecting requests (from freqtrade==2026.5.dev0)
  Downloading requests-2.34.2-py3-none-any.whl.metadata (4.8 kB)
Collecting httpx>=0.24.1 (from freqtrade==2026.5.dev0)
  Downloading httpx-0.28.1-py3-none-any.whl.metadata (7.1 kB)
Collecting urllib3 (from freqtrade==2026.5.dev0)
  Downloading urllib3-2.7.0-py3-none-any.whl.metadata (6.9 kB)
Collecting jsonschema (from freqtrade==2026.5.dev0)
  Downloading jsonschema-4.26.0-py3-none-any.whl.metadata (7.6 kB)
Collecting numpy<3.0,>2.0 (from freqtrade==2026.5.dev0)
  Downloading numpy-2.5.2-cp312-cp312-manylinux_2_27_x86_64.manylinux_2_28_x86_64.whl.metadata (6.6 kB)
Collecting pandas<4.0,>=2.2.0 (from freqtrade==2026.5.dev0)
  Downloading pandas-3.0.5-cp312-cp312-manylinux_2_24_x86_64.manylinux_2_28_x86_64.whl.metadata (79 kB)
Collecting TA-Lib<0.7 (from freqtrade==2026.5.dev0)
  Downloading ta_lib-0.6.8-cp312-cp312-manylinux2014_x86_64.manylinux_2_17_x86_64.manylinux_2_28_x86_64.whl.metadata (23 kB)
Collecting ft-pandas-ta (from freqtrade==2026.5.dev0)
  Downloading ft_pandas_ta-0.3.16-py3-none-any.whl.metadata (2.2 kB)
Collecting technical (from freqtrade==2026.5.dev0)
  Downloading technical-1.7.0-py3-none-any.whl.metadata (8.1 kB)
Collecting tabulate (from freqtrade==2026.5.dev0)
  Downloading tabulate-0.10.0-py3-none-any.whl.metadata (40 kB)
Collecting pycoingecko>=3.2.0 (from freqtrade==2026.5.dev0)
  Downloading pycoingecko-3.2.0-py3-none-any.whl.metadata (16 kB)
Collecting python-rapidjson (from freqtrade==2026.5.dev0)
  Downloading python_rapidjson-1.23-cp312-cp312-manylinux_2_24_x86_64.manylinux_2_28_x86_64.whl.metadata (24 kB)
Collecting orjson (from freqtrade==2026.5.dev0)
  Downloading orjson-3.12.0-cp312-cp312-manylinux_2_17_x86_64.manylinux2014_x86_64.whl.metadata (41 kB)
Collecting jinja2 (from freqtrade==2026.5.dev0)
  Downloading jinja2-3.1.6-py3-none-any.whl.metadata (2.9 kB)
Collecting questionary (from freqtrade==2026.5.dev0)
  Downloading questionary-2.1.1-py3-none-any.whl.metadata (5.4 kB)
Collecting prompt-toolkit (from freqtrade==2026.5.dev0)
  Downloading prompt_toolkit-3.0.53-py3-none-any.whl.metadata (6.4 kB)
Collecting joblib>=1.2.0 (from freqtrade==2026.5.dev0)
  Downloading joblib-1.5.3-py3-none-any.whl.metadata (5.5 kB)
Collecting rich (from freqtrade==2026.5.dev0)
  Downloading rich-15.0.0-py3-none-any.whl.metadata (18 kB)
Collecting pyarrow (from freqtrade==2026.5.dev0)
  Downloading pyarrow-25.0.1-cp312-cp312-manylinux_2_28_x86_64.whl.metadata (3.0 kB)
Collecting fastapi (from freqtrade==2026.5.dev0)
  Downloading fastapi-0.141.1-py3-none-any.whl.metadata (27 kB)
Collecting pydantic>=2.2.0 (from freqtrade==2026.5.dev0)
  Downloading pydantic-2.13.4-py3-none-any.whl.metadata (109 kB)
Collecting pyjwt (from freqtrade==2026.5.dev0)
  Downloading pyjwt-2.13.0-py3-none-any.whl.metadata (3.4 kB)
Collecting websockets (from freqtrade==2026.5.dev0)
  Downloading websockets-17.1-cp312-cp312-manylinux1_x86_64.manylinux_2_28_x86_64.manylinux_2_5_x86_64.whl.metadata (6.3 kB)
Collecting uvicorn (from freqtrade==2026.5.dev0)
  Downloading uvicorn-0.52.4-py3-none-any.whl.metadata (6.6 kB)
Collecting psutil (from freqtrade==2026.5.dev0)
  Downloading psutil-7.2.2-cp36-abi3-manylinux2010_x86_64.manylinux_2_12_x86_64.manylinux_2_28_x86_64.whl.metadata (22 kB)
Collecting schedule (from freqtrade==2026.5.dev0)
  Downloading schedule-1.2.2-py3-none-any.whl.metadata (3.8 kB)
Collecting janus (from freqtrade==2026.5.dev0)
  Downloading janus-2.0.0-py3-none-any.whl.metadata (5.3 kB)
Collecting ast-comments (from freqtrade==2026.5.dev0)
  Downloading ast_comments-1.3.0-py3-none-any.whl.metadata (2.2 kB)
Collecting aiofiles (from freqtrade==2026.5.dev0)
  Downloading aiofiles-25.1.0-py3-none-any.whl.metadata (6.3 kB)
Collecting aiohttp (from freqtrade==2026.5.dev0)
  Downloading aiohttp-3.14.3-cp312-cp312-manylinux2014_x86_64.manylinux_2_17_x86_64.manylinux_2_28_x86_64.whl.metadata (8.3 kB)
Collecting cryptography (from freqtrade==2026.5.dev0)
  Downloading cryptography-50.0.1-cp311-abi3-manylinux_2_34_x86_64.whl.metadata (4.3 kB)
Collecting sdnotify (from freqtrade==2026.5.dev0)
  Downloading sdnotify-0.3.2.tar.gz (2.5 kB)
  Installing build dependencies: started
  Installing build dependencies: finished with status 'done'
  Getting requirements to build wheel: started
  Getting requirements to build wheel: finished with status 'done'
  Preparing metadata (pyproject.toml): started
  Preparing metadata (pyproject.toml): finished with status 'done'
Collecting python-dateutil (from freqtrade==2026.5.dev0)
  Downloading python_dateutil-2.9.0.post0-py2.py3-none-any.whl.metadata (8.4 kB)
Collecting pytz (from freqtrade==2026.5.dev0)
  Downloading pytz-2026.3.post1-py2.py3-none-any.whl.metadata (22 kB)
Requirement already satisfied: packaging in /opt/hostedtoolcache/Python/3.12.13/x64/lib/python3.12/site-packages (from freqtrade==2026.5.dev0) (26.3)
Collecting freqtrade-client (from freqtrade==2026.5.dev0)
  Downloading freqtrade_client-2026.7-py3-none-any.whl.metadata (1.3 kB)
Collecting build (from TA-Lib<0.7->freqtrade==2026.5.dev0)
  Downloading build-1.5.0-py3-none-any.whl.metadata (5.7 kB)
Collecting certifi==2026.6.17 (from ccxt>=4.5.4->freqtrade==2026.5.dev0)
  Downloading certifi-2026.6.17-py3-none-any.whl.metadata (2.5 kB)
Collecting typing_extensions==4.16.0 (from ccxt>=4.5.4->freqtrade==2026.5.dev0)
  Downloading typing_extensions-4.16.0-py3-none-any.whl.metadata (3.3 kB)
Collecting yarl<2,>=1.20 (from ccxt>=4.5.4->freqtrade==2026.5.dev0)
  Downloading yarl-1.24.5-cp312-cp312-manylinux2014_x86_64.manylinux_2_17_x86_64.manylinux_2_28_x86_64.whl.metadata (103 kB)
Collecting aiohttp-fast-zlib==0.3.0 (from ccxt>=4.5.4->freqtrade==2026.5.dev0)
  Downloading aiohttp_fast_zlib-0.3.0-py3-none-any.whl.metadata (5.7 kB)
Collecting zlib-ng==1.0.0 (from ccxt>=4.5.4->freqtrade==2026.5.dev0)
  Downloading zlib_ng-1.0.0-cp312-cp312-manylinux2014_x86_64.manylinux_2_17_x86_64.manylinux_2_28_x86_64.whl.metadata (6.8 kB)
Collecting uvloop==0.22.1 (from ccxt>=4.5.4->freqtrade==2026.5.dev0)
  Downloading uvloop-0.22.1-cp312-cp312-manylinux2014_x86_64.manylinux_2_17_x86_64.manylinux_2_28_x86_64.whl.metadata (4.9 kB)
Collecting orjson (from freqtrade==2026.5.dev0)
  Downloading orjson-3.11.9-cp312-cp312-manylinux_2_17_x86_64.manylinux2014_x86_64.whl.metadata (41 kB)
Collecting coincurve==21.0.0 (from ccxt>=4.5.4->freqtrade==2026.5.dev0)
  Downloading coincurve-21.0.0-cp312-cp312-manylinux_2_17_x86_64.manylinux2014_x86_64.whl.metadata (4.0 kB)
Collecting aiohappyeyeballs==2.7.1 (from ccxt>=4.5.4->freqtrade==2026.5.dev0)
  Downloading aiohappyeyeballs-2.7.1-py3-none-any.whl.metadata (5.9 kB)
Collecting aiosignal==1.4.0 (from ccxt>=4.5.4->freqtrade==2026.5.dev0)
  Downloading aiosignal-1.4.0-py3-none-any.whl.metadata (3.7 kB)
Collecting attrs==26.1.0 (from ccxt>=4.5.4->freqtrade==2026.5.dev0)
  Downloading attrs-26.1.0-py3-none-any.whl.metadata (8.8 kB)
Collecting frozenlist==1.8.0 (from ccxt>=4.5.4->freqtrade==2026.5.dev0)
  Downloading frozenlist-1.8.0-cp312-cp312-manylinux1_x86_64.manylinux_2_28_x86_64.manylinux_2_5_x86_64.whl.metadata (20 kB)
Collecting multidict==6.7.1 (from ccxt>=4.5.4->freqtrade==2026.5.dev0)
  Downloading multidict-6.7.1-cp312-cp312-manylinux2014_x86_64.manylinux_2_17_x86_64.manylinux_2_28_x86_64.whl.metadata (5.3 kB)
Collecting propcache==0.5.2 (from ccxt>=4.5.4->freqtrade==2026.5.dev0)
  Downloading propcache-0.5.2-cp312-cp312-manylinux2014_x86_64.manylinux_2_17_x86_64.manylinux_2_28_x86_64.whl.metadata (16 kB)
Collecting cffi==2.0.0 (from ccxt>=4.5.4->freqtrade==2026.5.dev0)
  Downloading cffi-2.0.0-cp312-cp312-manylinux2014_x86_64.manylinux_2_17_x86_64.whl.metadata (2.6 kB)
Collecting pycparser==3.0 (from ccxt>=4.5.4->freqtrade==2026.5.dev0)
  Downloading pycparser-3.0-py3-none-any.whl.metadata (8.2 kB)
Collecting charset_normalizer==3.4.7 (from ccxt>=4.5.4->freqtrade==2026.5.dev0)
  Downloading charset_normalizer-3.4.7-cp312-cp312-manylinux2014_x86_64.manylinux_2_17_x86_64.manylinux_2_28_x86_64.whl.metadata (40 kB)
Collecting idna==3.18 (from ccxt>=4.5.4->freqtrade==2026.5.dev0)
  Downloading idna-3.18-py3-none-any.whl.metadata (6.1 kB)
Collecting anyio (from httpx>=0.24.1->freqtrade==2026.5.dev0)
  Downloading anyio-4.14.2-py3-none-any.whl.metadata (4.6 kB)
Collecting httpcore==1.* (from httpx>=0.24.1->freqtrade==2026.5.dev0)
  Downloading httpcore-1.0.9-py3-none-any.whl.metadata (21 kB)
Collecting h11>=0.16 (from httpcore==1.*->httpx>=0.24.1->freqtrade==2026.5.dev0)
  Downloading h11-0.16.0-py3-none-any.whl.metadata (8.3 kB)
Collecting annotated-types>=0.6.0 (from pydantic>=2.2.0->freqtrade==2026.5.dev0)
  Downloading annotated_types-0.8.0-py3-none-any.whl.metadata (15 kB)
Collecting pydantic-core==2.46.4 (from pydantic>=2.2.0->freqtrade==2026.5.dev0)
  Downloading pydantic_core-2.46.4-cp312-cp312-manylinux_2_17_x86_64.manylinux2014_x86_64.whl.metadata (6.6 kB)
Collecting typing-inspection>=0.4.2 (from pydantic>=2.2.0->freqtrade==2026.5.dev0)
  Downloading typing_inspection-0.4.4-py3-none-any.whl.metadata (2.6 kB)
Collecting six>=1.5 (from python-dateutil->freqtrade==2026.5.dev0)
  Downloading six-1.17.0-py2.py3-none-any.whl.metadata (1.7 kB)
Collecting greenlet>=1 (from SQLAlchemy>=2.0.6->freqtrade==2026.5.dev0)
  Downloading greenlet-3.5.5-cp312-cp312-manylinux_2_24_x86_64.manylinux_2_28_x86_64.whl.metadata (3.8 kB)
Collecting pyproject_hooks (from build->TA-Lib<0.7->freqtrade==2026.5.dev0)
  Downloading pyproject_hooks-1.2.0-py3-none-any.whl.metadata (1.3 kB)
Collecting starlette>=0.46.0 (from fastapi->freqtrade==2026.5.dev0)
  Downloading starlette-1.6.0-py3-none-any.whl.metadata (6.4 kB)
Collecting annotated-doc>=0.0.2 (from fastapi->freqtrade==2026.5.dev0)
  Downloading annotated_doc-0.0.5-py3-none-any.whl.metadata (6.5 kB)
Collecting MarkupSafe>=2.0 (from jinja2->freqtrade==2026.5.dev0)
  Downloading markupsafe-3.0.3-cp312-cp312-manylinux2014_x86_64.manylinux_2_17_x86_64.manylinux_2_28_x86_64.whl.metadata (2.7 kB)
Collecting jsonschema-specifications>=2023.03.6 (from jsonschema->freqtrade==2026.5.dev0)
  Downloading jsonschema_specifications-2025.9.1-py3-none-any.whl.metadata (2.9 kB)
Collecting referencing>=0.28.4 (from jsonschema->freqtrade==2026.5.dev0)
  Downloading referencing-0.37.0-py3-none-any.whl.metadata (2.8 kB)
Collecting rpds-py>=0.25.0 (from jsonschema->freqtrade==2026.5.dev0)
  Downloading rpds_py-2026.6.3-cp312-cp312-manylinux_2_17_x86_64.manylinux2014_x86_64.whl.metadata (4.1 kB)
Collecting wcwidth>=0.1.4 (from prompt-toolkit->freqtrade==2026.5.dev0)
  Downloading wcwidth-0.8.2-py3-none-any.whl.metadata (43 kB)
Collecting markdown-it-py>=2.2.0 (from rich->freqtrade==2026.5.dev0)
  Downloading markdown_it_py-4.2.0-py3-none-any.whl.metadata (7.4 kB)
Collecting pygments<3.0.0,>=2.13.0 (from rich->freqtrade==2026.5.dev0)
  Downloading pygments-2.21.0-py3-none-any.whl.metadata (2.5 kB)
Collecting mdurl~=0.1 (from markdown-it-py>=2.2.0->rich->freqtrade==2026.5.dev0)
  Downloading mdurl-0.1.2-py3-none-any.whl.metadata (1.6 kB)
Collecting click>=7.0 (from uvicorn->freqtrade==2026.5.dev0)
  Downloading click-8.5.0-py3-none-any.whl.metadata (2.6 kB)
Downloading numpy-2.5.2-cp312-cp312-manylinux_2_27_x86_64.manylinux_2_28_x86_64.whl (16.7 MB)
   ━━━━━━━━━━━━━━━━━━━━━━━━━━━━━━━━━━━━━━━━ 16.7/16.7 MB 43.7 MB/s  0:00:00
Downloading pandas-3.0.5-cp312-cp312-manylinux_2_24_x86_64.manylinux_2_28_x86_64.whl (11.0 MB)
   ━━━━━━━━━━━━━━━━━━━━━━━━━━━━━━━━━━━━━━━━ 11.0/11.0 MB 136.0 MB/s  0:00:00
Downloading ta_lib-0.6.8-cp312-cp312-manylinux2014_x86_64.manylinux_2_17_x86_64.manylinux_2_28_x86_64.whl (4.1 MB)
   ━━━━━━━━━━━━━━━━━━━━━━━━━━━━━━━━━━━━━━━━ 4.1/4.1 MB 185.9 MB/s  0:00:00
Downloading ccxt-4.5.76-py3-none-any.whl (6.6 MB)
   ━━━━━━━━━━━━━━━━━━━━━━━━━━━━━━━━━━━━━━━━ 6.6/6.6 MB 217.4 MB/s  0:00:00
Downloading aiohappyeyeballs-2.7.1-py3-none-any.whl (15 kB)
Downloading aiohttp_fast_zlib-0.3.0-py3-none-any.whl (8.6 kB)
Downloading aiosignal-1.4.0-py3-none-any.whl (7.5 kB)
Downloading attrs-26.1.0-py3-none-any.whl (67 kB)
Downloading certifi-2026.6.17-py3-none-any.whl (133 kB)
Downloading cffi-2.0.0-cp312-cp312-manylinux2014_x86_64.manylinux_2_17_x86_64.whl (219 kB)
Downloading charset_normalizer-3.4.7-cp312-cp312-manylinux2014_x86_64.manylinux_2_17_x86_64.manylinux_2_28_x86_64.whl (216 kB)
Downloading coincurve-21.0.0-cp312-cp312-manylinux_2_17_x86_64.manylinux2014_x86_64.whl (1.6 MB)
   ━━━━━━━━━━━━━━━━━━━━━━━━━━━━━━━━━━━━━━━━ 1.6/1.6 MB 373.3 MB/s  0:00:00
Downloading frozenlist-1.8.0-cp312-cp312-manylinux1_x86_64.manylinux_2_28_x86_64.manylinux_2_5_x86_64.whl (242 kB)
Downloading idna-3.18-py3-none-any.whl (65 kB)
Downloading multidict-6.7.1-cp312-cp312-manylinux2014_x86_64.manylinux_2_17_x86_64.manylinux_2_28_x86_64.whl (256 kB)
Downloading orjson-3.11.9-cp312-cp312-manylinux_2_17_x86_64.manylinux2014_x86_64.whl (134 kB)
Downloading propcache-0.5.2-cp312-cp312-manylinux2014_x86_64.manylinux_2_17_x86_64.manylinux_2_28_x86_64.whl (61 kB)
Downloading pycparser-3.0-py3-none-any.whl (48 kB)
Downloading typing_extensions-4.16.0-py3-none-any.whl (45 kB)
Downloading urllib3-2.7.0-py3-none-any.whl (131 kB)
Downloading uvloop-0.22.1-cp312-cp312-manylinux2014_x86_64.manylinux_2_17_x86_64.manylinux_2_28_x86_64.whl (4.4 MB)
   ━━━━━━━━━━━━━━━━━━━━━━━━━━━━━━━━━━━━━━━━ 4.4/4.4 MB 247.3 MB/s  0:00:00
Downloading zlib_ng-1.0.0-cp312-cp312-manylinux2014_x86_64.manylinux_2_17_x86_64.manylinux_2_28_x86_64.whl (132 kB)
Downloading aiohttp-3.14.3-cp312-cp312-manylinux2014_x86_64.manylinux_2_17_x86_64.manylinux_2_28_x86_64.whl (1.8 MB)
   ━━━━━━━━━━━━━━━━━━━━━━━━━━━━━━━━━━━━━━━━ 1.8/1.8 MB 471.3 MB/s  0:00:00
Downloading cryptography-50.0.1-cp311-abi3-manylinux_2_34_x86_64.whl (4.7 MB)
   ━━━━━━━━━━━━━━━━━━━━━━━━━━━━━━━━━━━━━━━━ 4.7/4.7 MB 272.8 MB/s  0:00:00
Downloading requests-2.34.2-py3-none-any.whl (73 kB)
Downloading yarl-1.24.5-cp312-cp312-manylinux2014_x86_64.manylinux_2_17_x86_64.manylinux_2_28_x86_64.whl (109 kB)
Downloading httpx-0.28.1-py3-none-any.whl (73 kB)
Downloading httpcore-1.0.9-py3-none-any.whl (78 kB)
Downloading h11-0.16.0-py3-none-any.whl (37 kB)
Downloading humanize-4.16.0-py3-none-any.whl (137 kB)
Downloading joblib-1.5.3-py3-none-any.whl (309 kB)
Downloading pycoingecko-3.2.0-py3-none-any.whl (10 kB)
Downloading pydantic-2.13.4-py3-none-any.whl (472 kB)
Downloading pydantic_core-2.46.4-cp312-cp312-manylinux_2_17_x86_64.manylinux2014_x86_64.whl (2.1 MB)
   ━━━━━━━━━━━━━━━━━━━━━━━━━━━━━━━━━━━━━━━━ 2.1/2.1 MB 490.0 MB/s  0:00:00
Downloading annotated_types-0.8.0-py3-none-any.whl (13 kB)
Downloading python_dateutil-2.9.0.post0-py2.py3-none-any.whl (229 kB)
Downloading python_telegram_bot-22.8-py3-none-any.whl (769 kB)
   ━━━━━━━━━━━━━━━━━━━━━━━━━━━━━━━━━━━━━━━━ 769.4/769.4 kB 756.1 MB/s  0:00:00
Downloading six-1.17.0-py2.py3-none-any.whl (11 kB)
Downloading sqlalchemy-2.0.52-cp312-cp312-manylinux2014_x86_64.manylinux_2_17_x86_64.manylinux_2_28_x86_64.whl (3.4 MB)
   ━━━━━━━━━━━━━━━━━━━━━━━━━━━━━━━━━━━━━━━━ 3.4/3.4 MB 310.1 MB/s  0:00:00
Downloading greenlet-3.5.5-cp312-cp312-manylinux_2_24_x86_64.manylinux_2_28_x86_64.whl (621 kB)
   ━━━━━━━━━━━━━━━━━━━━━━━━━━━━━━━━━━━━━━━━ 621.4/621.4 kB 718.9 MB/s  0:00:00
Downloading typing_inspection-0.4.4-py3-none-any.whl (14 kB)
Downloading aiofiles-25.1.0-py3-none-any.whl (14 kB)
Downloading anyio-4.14.2-py3-none-any.whl (125 kB)
Downloading ast_comments-1.3.0-py3-none-any.whl (5.9 kB)
Downloading build-1.5.0-py3-none-any.whl (26 kB)
Downloading cachetools-7.1.7-py3-none-any.whl (16 kB)
Downloading fastapi-0.141.1-py3-none-any.whl (131 kB)
Downloading annotated_doc-0.0.5-py3-none-any.whl (5.3 kB)
Downloading starlette-1.6.0-py3-none-any.whl (75 kB)
Downloading freqtrade_client-2026.7-py3-none-any.whl (20 kB)
Downloading python_rapidjson-1.23-cp312-cp312-manylinux_2_24_x86_64.manylinux_2_28_x86_64.whl (1.8 MB)
   ━━━━━━━━━━━━━━━━━━━━━━━━━━━━━━━━━━━━━━━━ 1.8/1.8 MB 356.2 MB/s  0:00:00
Downloading ft_pandas_ta-0.3.16-py3-none-any.whl (219 kB)
Downloading janus-2.0.0-py3-none-any.whl (12 kB)
Downloading jinja2-3.1.6-py3-none-any.whl (134 kB)
Downloading markupsafe-3.0.3-cp312-cp312-manylinux2014_x86_64.manylinux_2_17_x86_64.manylinux_2_28_x86_64.whl (22 kB)
Downloading jsonschema-4.26.0-py3-none-any.whl (90 kB)
Downloading jsonschema_specifications-2025.9.1-py3-none-any.whl (18 kB)
Downloading referencing-0.37.0-py3-none-any.whl (26 kB)
Downloading rpds_py-2026.6.3-cp312-cp312-manylinux_2_17_x86_64.manylinux2014_x86_64.whl (366 kB)
Downloading prompt_toolkit-3.0.53-py3-none-any.whl (392 kB)
Downloading wcwidth-0.8.2-py3-none-any.whl (323 kB)
Downloading psutil-7.2.2-cp36-abi3-manylinux2010_x86_64.manylinux_2_12_x86_64.manylinux_2_28_x86_64.whl (155 kB)
Downloading pyarrow-25.0.1-cp312-cp312-manylinux_2_28_x86_64.whl (50.1 MB)
   ━━━━━━━━━━━━━━━━━━━━━━━━━━━━━━━━━━━━━━━━ 50.1/50.1 MB 440.5 MB/s  0:00:00
Downloading pyjwt-2.13.0-py3-none-any.whl (31 kB)
Downloading pyproject_hooks-1.2.0-py3-none-any.whl (10 kB)
Downloading pytz-2026.3.post1-py2.py3-none-any.whl (508 kB)
Downloading questionary-2.1.1-py3-none-any.whl (36 kB)
Downloading rich-15.0.0-py3-none-any.whl (310 kB)
Downloading pygments-2.21.0-py3-none-any.whl (1.3 MB)
   ━━━━━━━━━━━━━━━━━━━━━━━━━━━━━━━━━━━━━━━━ 1.3/1.3 MB 767.9 MB/s  0:00:00
Downloading markdown_it_py-4.2.0-py3-none-any.whl (91 kB)
Downloading mdurl-0.1.2-py3-none-any.whl (10.0 kB)
Downloading schedule-1.2.2-py3-none-any.whl (12 kB)
Downloading tabulate-0.10.0-py3-none-any.whl (39 kB)
Downloading technical-1.7.0-py3-none-any.whl (54 kB)
Downloading uvicorn-0.52.4-py3-none-any.whl (79 kB)
Downloading click-8.5.0-py3-none-any.whl (125 kB)
Downloading websockets-17.1-cp312-cp312-manylinux1_x86_64.manylinux_2_28_x86_64.manylinux_2_5_x86_64.whl (224 kB)
Building wheels for collected packages: freqtrade, sdnotify
  Building editable for freqtrade (pyproject.toml): started
  Building editable for freqtrade (pyproject.toml): finished with status 'done'
  Created wheel for freqtrade: filename=freqtrade-2026.5.dev0-0.editable-py3-none-any.whl size=21181 sha256=b21dab6cd61429d1dab3d1076688cc63819f29c890a246609186c730304614a3
  Stored in directory: /tmp/pip-ephem-wheel-cache-cmq0nj_8/wheels/fd/f8/d7/0fc7dd8b383579313e58850610a2f97ec90017ffd97fe2b52e
  Building wheel for sdnotify (pyproject.toml): started
  Building wheel for sdnotify (pyproject.toml): finished with status 'done'
  Created wheel for sdnotify: filename=sdnotify-0.3.2-py3-none-any.whl size=3293 sha256=694376af3aad99c23fc581d12db75b2d157ec19fc416dbbe888d2424c0a94573
  Stored in directory: /tmp/pip-ephem-wheel-cache-cmq0nj_8/wheels/7b/fd/1a/aef6fcdc3b65d860837609746bf1036a52d858378c7547ce63
Successfully built freqtrade sdnotify
Installing collected packages: sdnotify, pytz, zlib-ng, websockets, wcwidth, uvloop, urllib3, typing_extensions, tabulate, six, schedule, rpds-py, python-rapidjson, pyproject_hooks, pyjwt, pygments, pycparser, pyarrow, psutil, propcache, orjson, numpy, multidict, mdurl, MarkupSafe, joblib, janus, idna, humanize, h11, greenlet, frozenlist, coincurve, click, charset_normalizer, certifi, cachetools, attrs, ast-comments, annotated-types, annotated-doc, aiohappyeyeballs, aiofiles, yarl, uvicorn, typing-inspection, SQLAlchemy, requests, referencing, python-dateutil, pydantic-core, prompt-toolkit, markdown-it-py, jinja2, httpcore, cffi, build, anyio, aiosignal, TA-Lib, starlette, rich, questionary, pydantic, pycoingecko, pandas, jsonschema-specifications, httpx, freqtrade-client, cryptography, aiohttp, technical, python-telegram-bot, jsonschema, ft-pandas-ta, fastapi, aiohttp-fast-zlib, ccxt, freqtrade

Successfully installed MarkupSafe-3.0.3 SQLAlchemy-2.0.52 TA-Lib-0.6.8 aiofiles-25.1.0 aiohappyeyeballs-2.7.1 aiohttp-3.14.3 aiohttp-fast-zlib-0.3.0 aiosignal-1.4.0 annotated-doc-0.0.5 annotated-types-0.8.0 anyio-4.14.2 ast-comments-1.3.0 attrs-26.1.0 build-1.5.0 cachetools-7.1.7 ccxt-4.5.76 certifi-2026.6.17 cffi-2.0.0 charset_normalizer-3.4.7 click-8.5.0 coincurve-21.0.0 cryptography-50.0.1 fastapi-0.141.1 freqtrade-2026.5.dev0 freqtrade-client-2026.7 frozenlist-1.8.0 ft-pandas-ta-0.3.16 greenlet-3.5.5 h11-0.16.0 httpcore-1.0.9 httpx-0.28.1 humanize-4.16.0 idna-3.18 janus-2.0.0 jinja2-3.1.6 joblib-1.5.3 jsonschema-4.26.0 jsonschema-specifications-2025.9.1 markdown-it-py-4.2.0 mdurl-0.1.2 multidict-6.7.1 numpy-2.5.2 orjson-3.11.9 pandas-3.0.5 prompt-toolkit-3.0.53 propcache-0.5.2 psutil-7.2.2 pyarrow-25.0.1 pycoingecko-3.2.0 pycparser-3.0 pydantic-2.13.4 pydantic-core-2.46.4 pygments-2.21.0 pyjwt-2.13.0 pyproject_hooks-1.2.0 python-dateutil-2.9.0.post0 python-rapidjson-1.23 python-telegram-bot-22.8 pytz-2026.3.post1 questionary-2.1.1 referencing-0.37.0 requests-2.34.2 rich-15.0.0 rpds-py-2026.6.3 schedule-1.2.2 sdnotify-0.3.2 six-1.17.0 starlette-1.6.0 tabulate-0.10.0 technical-1.7.0 typing-inspection-0.4.4 typing_extensions-4.16.0 urllib3-2.7.0 uvicorn-0.52.4 uvloop-0.22.1 wcwidth-0.8.2 websockets-17.1 yarl-1.24.5 zlib-ng-1.0.0
Operating System:	Linux-6.17.0-1022-azure-x86_64-with-glibc2.39
Python Version:		Python 3.12.13
CCXT Version:		4.5.76

Freqtrade Version:	freqtrade 2026.5-dev-77cabd291
Traceback (most recent call last):
  File "/home/runner/work/Indy/Indy/fqt_v26/select_universe_41.py", line 216, in <module>
    main()
  File "/home/runner/work/Indy/Indy/fqt_v26/select_universe_41.py", line 176, in main
    raise RuntimeError(f'only {len(eligible)} eligible additions; need 10')
RuntimeError: only 6 eligible additions; need 10
