{
  "format": "split-7z",
  "combined_bytes": 1399507489,
  "combined_sha256": "1060a41bee11cddb6aec8ae3dba169ad29110803940a157338f3b79d603d1656",
  "volumes": [
    {
      "index": 1,
      "source": "/workspace/scratch/3754652a4c5b/project_sources/03-freqtrade_backup.7z.001",
      "bytes": 314572800,
      "sha256": "127fa2215b3f86d2cd58b542ac2cc360b51a7b2695cb14a15b13deb27d1ab2de"
    },
    {
      "index": 2,
      "source": "/workspace/scratch/3754652a4c5b/project_sources/05-freqtrade_backup.7z.002",
      "bytes": 314572800,
      "sha256": "1563629351f85bb36bb795e8a8a58efe6fc11c7e9253a10065141befdd544ef3"
    },
    {
      "index": 3,
      "source": "/workspace/scratch/3754652a4c5b/project_sources/02-freqtrade_backup.7z.003",
      "bytes": 314572800,
      "sha256": "4acba65c3065ca97297f2b249dc538cece89a510fb49e7e3782e4b1c0a56d988"
    },
    {
      "index": 4,
      "source": "/workspace/scratch/3754652a4c5b/project_sources/04-freqtrade_backup.7z.004",
      "bytes": 314572800,
      "sha256": "62da958738686f93d65bc53ff633aaf5689fb4250e9a49d07a494c5d7b95282f"
    },
    {
      "index": 5,
      "source": "/workspace/scratch/3754652a4c5b/project_sources/01-freqtrade_backup.7z.005",
      "bytes": 141216289,
      "sha256": "f1f10fac29253c78a7480b556e689629036b6108942aa4a98c4d183fa10dcb0e"
    }
  ],
  "destination": "/workspace/scratch/3754652a4c5b/fqt_rnd/reconstruction",
  "regular_files": 68910,
  "directories": 7091,
  "symlinks": 0,
  "skipped_special": 0,
  "uncompressed_regular_bytes": 3837829684,
  "archive_entries": 76001,
  "archive_type_counts": {
    "regular": 68910,
    "directory": 7091,
    "symlink": 0,
    "other": 0
  }
}
