FQT_RND_OFFLINE_MARKET_CATALOG=BTC/USDC; execution/liquidity/live-order evidence=false
2026-08-17 17:33:35,838 - freqtrade - INFO - freqtrade 2026.5-dev-77cabd291
2026-08-17 17:33:36,079 - freqtrade.configuration.load_config - INFO - Using config: ../../configs/champion_v741_historical_repro.json ...
2026-08-17 17:33:36,080 - freqtrade.configuration.configuration - INFO - Parameter --no-color detected ...
2026-08-17 17:33:36,082 - freqtrade.loggers - INFO - Logfile configured
2026-08-17 17:33:36,083 - freqtrade.loggers - INFO - Verbosity set to 0
2026-08-17 17:33:36,083 - freqtrade.configuration.configuration - INFO - Using additional Strategy lookup path: ../../champion/frozen
2026-08-17 17:33:36,083 - freqtrade.configuration.configuration - INFO - Parameter -i/--timeframe detected ... Using timeframe: 1m ...
2026-08-17 17:33:36,084 - freqtrade.configuration.configuration - INFO - Parameter --fee detected, setting fee to: 0.001 ...
2026-08-17 17:33:36,084 - freqtrade.configuration.configuration - INFO - Parameter --timerange detected: 20260101-20260501 ...
2026-08-17 17:33:36,084 - freqtrade.configuration.configuration - INFO - Using user-data directory: /workspace/scratch/3754652a4c5b/fqt_rnd/reconstruction/freqtrade/user_data ...
2026-08-17 17:33:36,085 - freqtrade.configuration.configuration - INFO - Using data directory: user_data/data/binance ...
2026-08-17 17:33:36,085 - freqtrade.configuration.configuration - INFO - Saving lookahead analysis results into ../../results/causality/champion_lookahead.csv ...
2026-08-17 17:33:36,085 - freqtrade.configuration.configuration - INFO - Filter trades by timerange: 20260101-20260501
2026-08-17 17:33:36,086 - freqtrade.configuration.configuration - INFO - Targeted Trade amount: 10
2026-08-17 17:33:36,086 - freqtrade.configuration.configuration - INFO - Minimum Trade amount: 5
2026-08-17 17:33:36,086 - freqtrade.configuration.configuration - INFO - Path to store lookahead-analysis-results: ../../results/causality/champion_lookahead.csv
2026-08-17 17:33:36,086 - freqtrade.exchange.check_exchange - INFO - Checking exchange...
2026-08-17 17:33:36,095 - freqtrade.exchange.check_exchange - INFO - Exchange "binance" is officially supported by the Freqtrade development team.
2026-08-17 17:33:36,096 - freqtrade.configuration.configuration - INFO - Using pairlist from configuration.
2026-08-17 17:33:36,096 - freqtrade.configuration.config_validation - INFO - Validating configuration ...
2026-08-17 17:33:36,098 - freqtrade.optimize.analysis.lookahead_helpers - INFO - Forced order_types to market orders.
2026-08-17 17:33:36,099 - freqtrade.optimize.analysis.lookahead_helpers - INFO - Forced max_open_trades to -1 (same amount as there are pairs)
2026-08-17 17:33:36,099 - freqtrade.optimize.analysis.lookahead_helpers - INFO - Dry run wallet was not set to 1 billion, pushing it up there just to avoid false positives
2026-08-17 17:33:36,099 - freqtrade.optimize.analysis.lookahead_helpers - INFO - fixing stake_amount to 10k
2026-08-17 17:33:36,238 - freqtrade.optimize.analysis.lookahead_helpers - INFO - Bias test of ED8_V741_E001FastCapture10m08bp.py started.
2026-08-17 17:33:36,240 - freqtrade.exchange.exchange - INFO - Instance is running with dry_run enabled
2026-08-17 17:33:36,241 - freqtrade.exchange.exchange - INFO - Using CCXT 4.5.51
2026-08-17 17:33:36,241 - freqtrade.exchange.exchange - INFO - Applying additional ccxt config: {'enableRateLimit': False, 'options': {'adjustForTimeDifference': False, 'defaultType': 'spot'}}
2026-08-17 17:33:36,248 - freqtrade.exchange.exchange - INFO - Applying additional ccxt config: {'enableRateLimit': False, 'options': {'adjustForTimeDifference': False, 'defaultType': 'spot'}, 
'aiohttp_trust_env': True}
2026-08-17 17:33:36,254 - freqtrade.exchange.exchange - INFO - Using Exchange "Binance"
2026-08-17 17:33:36,255 - freqtrade.resolvers.exchange_resolver - INFO - Using resolved exchange 'Binance'...
2026-08-17 17:33:36,257 - freqtrade.resolvers.iresolver - INFO - Using resolved strategy ED8 from '/workspace/scratch/3754652a4c5b/fqt_rnd/champion/frozen/ED8_V741_E001FastCapture10m08bp.py'...
2026-08-17 17:33:36,257 - freqtrade.strategy.hyper - INFO - Found no parameter file.
2026-08-17 17:33:36,258 - freqtrade.resolvers.strategy_resolver - INFO - Override strategy 'timeframe' with value from the configuration: 1m.
2026-08-17 17:33:36,258 - freqtrade.resolvers.strategy_resolver - INFO - Override strategy 'order_types' with value from the configuration: {'entry': 'market', 'exit': 'market', 'stoploss': 'market', 
'stoploss_on_exchange': False}.
2026-08-17 17:33:36,258 - freqtrade.resolvers.strategy_resolver - INFO - Override strategy 'order_time_in_force' with value from the configuration: {'entry': 'GTC', 'exit': 'GTC'}.
2026-08-17 17:33:36,259 - freqtrade.resolvers.strategy_resolver - INFO - Override strategy 'stake_currency' with value from the configuration: USDC.
2026-08-17 17:33:36,259 - freqtrade.resolvers.strategy_resolver - INFO - Override strategy 'stake_amount' with value from the configuration: 10000.
2026-08-17 17:33:36,260 - freqtrade.resolvers.strategy_resolver - INFO - Override strategy 'unfilledtimeout' with value from the configuration: {'entry': 90, 'exit': 120, 'unit': 'seconds', 
'exit_timeout_count': 0}.
2026-08-17 17:33:36,260 - freqtrade.resolvers.strategy_resolver - INFO - Override strategy 'max_open_trades' with value from the configuration: -1.
2026-08-17 17:33:36,260 - freqtrade.resolvers.strategy_resolver - INFO - Strategy using minimal_roi: {'0': 0.03, '45': 0.021, '180': 0.01, '720': 0.005, '1440': 0.002}
2026-08-17 17:33:36,260 - freqtrade.resolvers.strategy_resolver - INFO - Strategy using timeframe: 1m
2026-08-17 17:33:36,261 - freqtrade.resolvers.strategy_resolver - INFO - Strategy using stoploss: -0.022
2026-08-17 17:33:36,261 - freqtrade.resolvers.strategy_resolver - INFO - Strategy using trailing_stop: True
2026-08-17 17:33:36,261 - freqtrade.resolvers.strategy_resolver - INFO - Strategy using trailing_stop_positive: 0.009
2026-08-17 17:33:36,261 - freqtrade.resolvers.strategy_resolver - INFO - Strategy using trailing_stop_positive_offset: 0.02
2026-08-17 17:33:36,261 - freqtrade.resolvers.strategy_resolver - INFO - Strategy using trailing_only_offset_is_reached: True
2026-08-17 17:33:36,262 - freqtrade.resolvers.strategy_resolver - INFO - Strategy using use_custom_stoploss: True
2026-08-17 17:33:36,262 - freqtrade.resolvers.strategy_resolver - INFO - Strategy using process_only_new_candles: True
2026-08-17 17:33:36,262 - freqtrade.resolvers.strategy_resolver - INFO - Strategy using order_types: {'entry': 'market', 'exit': 'market', 'stoploss': 'market', 'stoploss_on_exchange': False}
2026-08-17 17:33:36,262 - freqtrade.resolvers.strategy_resolver - INFO - Strategy using order_time_in_force: {'entry': 'GTC', 'exit': 'GTC'}
2026-08-17 17:33:36,262 - freqtrade.resolvers.strategy_resolver - INFO - Strategy using stake_currency: USDC
2026-08-17 17:33:36,262 - freqtrade.resolvers.strategy_resolver - INFO - Strategy using stake_amount: 10000
2026-08-17 17:33:36,263 - freqtrade.resolvers.strategy_resolver - INFO - Strategy using startup_candle_count: 1600
2026-08-17 17:33:36,263 - freqtrade.resolvers.strategy_resolver - INFO - Strategy using unfilledtimeout: {'entry': 90, 'exit': 120, 'unit': 'seconds', 'exit_timeout_count': 0}
2026-08-17 17:33:36,263 - freqtrade.resolvers.strategy_resolver - INFO - Strategy using use_exit_signal: True
2026-08-17 17:33:36,263 - freqtrade.resolvers.strategy_resolver - INFO - Strategy using exit_profit_only: True
2026-08-17 17:33:36,263 - freqtrade.resolvers.strategy_resolver - INFO - Strategy using ignore_roi_if_entry_signal: False
2026-08-17 17:33:36,264 - freqtrade.resolvers.strategy_resolver - INFO - Strategy using exit_profit_offset: 0.001
2026-08-17 17:33:36,264 - freqtrade.resolvers.strategy_resolver - INFO - Strategy using disable_dataframe_checks: False
2026-08-17 17:33:36,264 - freqtrade.resolvers.strategy_resolver - INFO - Strategy using ignore_buying_expired_candle_after: 0
2026-08-17 17:33:36,264 - freqtrade.resolvers.strategy_resolver - INFO - Strategy using position_adjustment_enable: False
2026-08-17 17:33:36,265 - freqtrade.resolvers.strategy_resolver - INFO - Strategy using max_entry_position_adjustment: -1
2026-08-17 17:33:36,265 - freqtrade.resolvers.strategy_resolver - INFO - Strategy using max_open_trades: -1
2026-08-17 17:33:36,265 - freqtrade.configuration.config_validation - INFO - Validating configuration ...
2026-08-17 17:33:36,268 - freqtrade.resolvers.iresolver - INFO - Using resolved pairlist StaticPairList from 
'/workspace/scratch/3754652a4c5b/fqt_rnd/reconstruction/freqtrade/freqtrade/plugins/pairlist/StaticPairList.py'...
2026-08-17 17:33:36,269 - freqtrade.optimize.backtesting - INFO - Using fee 0.1000% from config.
2026-08-17 17:33:36,269 - freqtrade.exchange.exchange - WARNING - Using 2 calls to get OHLCV. This can result in slower operations for the bot. Please check if you really need 1600 candles for your 
strategy.
2026-08-17 17:33:36,270 - freqtrade.strategy.hyper - INFO - No params for buy found, using default values.
2026-08-17 17:33:36,270 - freqtrade.strategy.hyper - INFO - Strategy Parameter(default): clean_pullback_penalty = 0
2026-08-17 17:33:36,270 - freqtrade.strategy.hyper - INFO - Strategy Parameter(default): edge_hit_min = 1
2026-08-17 17:33:36,270 - freqtrade.strategy.hyper - INFO - Strategy Parameter(default): entry_score_min = 55
2026-08-17 17:33:36,271 - freqtrade.strategy.hyper - INFO - Strategy Parameter(default): max_risk_score = 78
2026-08-17 17:33:36,271 - freqtrade.strategy.hyper - INFO - Strategy Parameter(default): quarantine_edge_penalty = 0
2026-08-17 17:33:36,271 - freqtrade.strategy.hyper - INFO - Strategy Parameter(default): regime_score_min = 30
2026-08-17 17:33:36,271 - freqtrade.strategy.hyper - INFO - Strategy Parameter(default): soft_gate_min = 3
2026-08-17 17:33:36,271 - freqtrade.strategy.hyper - INFO - No params for sell found, using default values.
2026-08-17 17:33:36,271 - freqtrade.strategy.hyper - INFO - Strategy Parameter(default): defensive_stop_profit = -0.018
2026-08-17 17:33:36,272 - freqtrade.strategy.hyper - INFO - Strategy Parameter(default): exit_pressure_min = 82
2026-08-17 17:33:36,272 - freqtrade.strategy.hyper - INFO - Strategy Parameter(default): loss_exit_min_minutes = 25
2026-08-17 17:33:36,272 - freqtrade.strategy.hyper - INFO - Strategy Parameter(default): loss_exit_pressure_min = 78
2026-08-17 17:33:36,272 - freqtrade.strategy.hyper - INFO - Strategy Parameter(default): loss_exit_risk_min = 64
2026-08-17 17:33:36,272 - freqtrade.strategy.hyper - INFO - Strategy Parameter(default): profit_decay_min = 0.018
2026-08-17 17:33:36,272 - freqtrade.strategy.hyper - INFO - Strategy Parameter(default): time_decay_minutes = 1440
2026-08-17 17:33:36,445 - freqtrade.optimize.backtesting - INFO - Loading data from 2025-12-30 21:20:00 up to 2026-05-01 00:00:00 (121 days).
2026-08-17 17:33:48,425 - freqtrade.loggers.set_log_levels - INFO - Reducing verbosity for bias tester.
2026-08-17 17:33:48,426 - freqtrade.optimize.analysis.lookahead - INFO - Found 21 trades, calculating 10 trades.
2026-08-17 17:33:48,433 - freqtrade.exchange.exchange - WARNING - Using 2 calls to get OHLCV. This can result in slower operations for the bot. Please check if you really need 1600 candles for your 
strategy.
2026-08-17 17:33:48,501 - freqtrade.optimize.backtesting - INFO - Loading data from 2025-12-30 21:20:00 up to 2026-01-09 17:19:00 (9 days).
2026-08-17 17:33:49,026 - freqtrade.exchange.exchange - WARNING - Using 2 calls to get OHLCV. This can result in slower operations for the bot. Please check if you really need 1600 candles for your 
strategy.
2026-08-17 17:33:49,091 - freqtrade.optimize.backtesting - INFO - Loading data from 2025-12-30 21:20:00 up to 2026-01-12 01:04:00 (12 days).
2026-08-17 17:33:51,856 - freqtrade.exchange.exchange - WARNING - Using 2 calls to get OHLCV. This can result in slower operations for the bot. Please check if you really need 1600 candles for your 
strategy.
2026-08-17 17:33:52,068 - freqtrade.optimize.backtesting - INFO - Loading data from 2025-12-30 21:20:00 up to 2026-01-12 18:34:00 (12 days).
2026-08-17 17:33:54,693 - freqtrade.exchange.exchange - WARNING - Using 2 calls to get OHLCV. This can result in slower operations for the bot. Please check if you really need 1600 candles for your 
strategy.
2026-08-17 17:33:54,879 - freqtrade.optimize.backtesting - INFO - Loading data from 2025-12-30 21:20:00 up to 2026-01-13 09:04:00 (13 days).
2026-08-17 17:33:57,920 - freqtrade.exchange.exchange - WARNING - Using 2 calls to get OHLCV. This can result in slower operations for the bot. Please check if you really need 1600 candles for your 
strategy.
2026-08-17 17:33:57,990 - freqtrade.optimize.backtesting - INFO - Loading data from 2025-12-30 21:20:00 up to 2026-01-21 17:05:00 (21 days).
2026-08-17 17:34:01,384 - freqtrade.exchange.exchange - WARNING - Using 2 calls to get OHLCV. This can result in slower operations for the bot. Please check if you really need 1600 candles for your 
strategy.
2026-08-17 17:34:01,443 - freqtrade.optimize.backtesting - INFO - Loading data from 2025-12-30 21:20:00 up to 2026-01-21 19:35:00 (21 days).
2026-08-17 17:34:06,469 - freqtrade.exchange.exchange - WARNING - Using 2 calls to get OHLCV. This can result in slower operations for the bot. Please check if you really need 1600 candles for your 
strategy.
2026-08-17 17:34:06,528 - freqtrade.optimize.backtesting - INFO - Loading data from 2025-12-30 21:20:00 up to 2026-02-02 01:18:00 (33 days).
2026-08-17 17:34:10,230 - freqtrade.exchange.exchange - WARNING - Using 2 calls to get OHLCV. This can result in slower operations for the bot. Please check if you really need 1600 candles for your 
strategy.
2026-08-17 17:34:10,279 - freqtrade.optimize.backtesting - INFO - Loading data from 2025-12-30 21:20:00 up to 2026-02-02 01:29:00 (33 days).
2026-08-17 17:34:14,103 - freqtrade.exchange.exchange - WARNING - Using 2 calls to get OHLCV. This can result in slower operations for the bot. Please check if you really need 1600 candles for your 
strategy.
2026-08-17 17:34:14,165 - freqtrade.optimize.backtesting - INFO - Loading data from 2025-12-30 21:20:00 up to 2026-02-04 02:46:00 (35 days).
2026-08-17 17:34:18,233 - freqtrade.exchange.exchange - WARNING - Using 2 calls to get OHLCV. This can result in slower operations for the bot. Please check if you really need 1600 candles for your 
strategy.
2026-08-17 17:34:18,292 - freqtrade.optimize.backtesting - INFO - Loading data from 2025-12-30 21:20:00 up to 2026-02-04 03:39:00 (35 days).
2026-08-17 17:34:22,132 - freqtrade.exchange.exchange - WARNING - Using 2 calls to get OHLCV. This can result in slower operations for the bot. Please check if you really need 1600 candles for your 
strategy.
2026-08-17 17:34:22,184 - freqtrade.optimize.backtesting - INFO - Loading data from 2025-12-30 21:20:00 up to 2026-02-06 01:15:00 (37 days).
2026-08-17 17:34:26,269 - freqtrade.exchange.exchange - WARNING - Using 2 calls to get OHLCV. This can result in slower operations for the bot. Please check if you really need 1600 candles for your 
strategy.
2026-08-17 17:34:26,328 - freqtrade.optimize.backtesting - INFO - Loading data from 2025-12-30 21:20:00 up to 2026-02-06 02:01:00 (37 days).
2026-08-17 17:34:30,487 - freqtrade.exchange.exchange - WARNING - Using 2 calls to get OHLCV. This can result in slower operations for the bot. Please check if you really need 1600 candles for your 
strategy.
2026-08-17 17:34:30,558 - freqtrade.optimize.backtesting - INFO - Loading data from 2025-12-30 21:20:00 up to 2026-02-06 03:19:00 (37 days).
2026-08-17 17:34:35,039 - freqtrade.exchange.exchange - WARNING - Using 2 calls to get OHLCV. This can result in slower operations for the bot. Please check if you really need 1600 candles for your 
strategy.
2026-08-17 17:34:35,120 - freqtrade.optimize.backtesting - INFO - Loading data from 2025-12-30 21:20:00 up to 2026-02-06 05:07:00 (37 days).
2026-08-17 17:34:42,662 - freqtrade.exchange.exchange - WARNING - Using 2 calls to get OHLCV. This can result in slower operations for the bot. Please check if you really need 1600 candles for your 
strategy.
2026-08-17 17:34:42,733 - freqtrade.optimize.backtesting - INFO - Loading data from 2025-12-30 21:20:00 up to 2026-02-06 07:22:00 (37 days).
2026-08-17 17:34:47,534 - freqtrade.exchange.exchange - WARNING - Using 2 calls to get OHLCV. This can result in slower operations for the bot. Please check if you really need 1600 candles for your 
strategy.
2026-08-17 17:34:47,590 - freqtrade.optimize.backtesting - INFO - Loading data from 2025-12-30 21:20:00 up to 2026-02-06 10:22:00 (37 days).
2026-08-17 17:34:53,063 - freqtrade.exchange.exchange - WARNING - Using 2 calls to get OHLCV. This can result in slower operations for the bot. Please check if you really need 1600 candles for your 
strategy.
2026-08-17 17:34:53,135 - freqtrade.optimize.backtesting - INFO - Loading data from 2025-12-30 21:20:00 up to 2026-02-06 16:23:00 (37 days).
2026-08-17 17:34:57,983 - freqtrade.exchange.exchange - WARNING - Using 2 calls to get OHLCV. This can result in slower operations for the bot. Please check if you really need 1600 candles for your 
strategy.
2026-08-17 17:34:58,051 - freqtrade.optimize.backtesting - INFO - Loading data from 2025-12-30 21:20:00 up to 2026-02-06 17:32:00 (37 days).
2026-08-17 17:35:03,212 - freqtrade.exchange.exchange - WARNING - Using 2 calls to get OHLCV. This can result in slower operations for the bot. Please check if you really need 1600 candles for your 
strategy.
2026-08-17 17:35:03,288 - freqtrade.optimize.backtesting - INFO - Loading data from 2025-12-30 21:20:00 up to 2026-02-11 16:13:00 (42 days).
2026-08-17 17:35:08,439 - freqtrade.exchange.exchange - WARNING - Using 2 calls to get OHLCV. This can result in slower operations for the bot. Please check if you really need 1600 candles for your 
strategy.
2026-08-17 17:35:08,526 - freqtrade.optimize.backtesting - INFO - Loading data from 2025-12-30 21:20:00 up to 2026-02-11 19:44:00 (42 days).
2026-08-17 17:35:14,729 - freqtrade.optimize.analysis.lookahead - INFO - Found targeted trade amount = 10 signals.
2026-08-17 17:35:14,730 - freqtrade.loggers.set_log_levels - INFO - Restoring log verbosity.
2026-08-17 17:35:14,731 - freqtrade.optimize.analysis.lookahead - INFO - ED8: no bias detected
2026-08-17 17:35:14,731 - freqtrade.optimize.analysis.lookahead_helpers - INFO - Checking look ahead bias via backtests of ED8_V741_E001FastCapture10m08bp.py took 98 seconds.
                                                             Lookahead Analysis                                                              
┏━━━━━━━━━━━━━━━━━━━━━━━━━━━━━━━━━━━━┳━━━━━━━━━━┳━━━━━━━━━━┳━━━━━━━━━━━━━━━┳━━━━━━━━━━━━━━━━━━━━━━┳━━━━━━━━━━━━━━━━━━━━━┳━━━━━━━━━━━━━━━━━━━┓
┃                           filename ┃ strategy ┃ has_bias ┃ total_signals ┃ biased_entry_signals ┃ biased_exit_signals ┃ biased_indicators ┃
┡━━━━━━━━━━━━━━━━━━━━━━━━━━━━━━━━━━━━╇━━━━━━━━━━╇━━━━━━━━━━╇━━━━━━━━━━━━━━━╇━━━━━━━━━━━━━━━━━━━━━━╇━━━━━━━━━━━━━━━━━━━━━╇━━━━━━━━━━━━━━━━━━━┩
│ ED8_V741_E001FastCapture10m08bp.py │      ED8 │       No │            10 │                    0 │                   0 │                   │
└────────────────────────────────────┴──────────┴──────────┴───────────────┴──────────────────────┴─────────────────────┴───────────────────┘
2026-08-17 17:35:14,740 - freqtrade.optimize.analysis.lookahead_helpers - INFO - saving ../../results/causality/champion_lookahead.csv
