FQT_RND_OFFLINE_MARKET_CATALOG=BTC/USDC; execution/liquidity/live-order evidence=false
2026-08-17 18:08:12,247 - freqtrade - INFO - freqtrade 2026.5-dev-77cabd291
2026-08-17 18:08:12,515 - freqtrade.configuration.load_config - INFO - Using config: ../../configs/common_research_1000usdc.json ...
2026-08-17 18:08:12,516 - freqtrade.configuration.configuration - INFO - Parameter --no-color detected ...
2026-08-17 18:08:12,517 - freqtrade.loggers - INFO - Logfile configured
2026-08-17 18:08:12,518 - freqtrade.loggers - INFO - Verbosity set to 0
2026-08-17 18:08:12,519 - freqtrade.configuration.configuration - INFO - Using additional Strategy lookup path: ../../champion/frozen
2026-08-17 18:08:12,519 - freqtrade.configuration.configuration - INFO - Parameter -i/--timeframe detected ... Using timeframe: 1m ...
2026-08-17 18:08:12,519 - freqtrade.configuration.configuration - INFO - Using max_open_trades: 1 ...
2026-08-17 18:08:12,520 - freqtrade.configuration.configuration - INFO - Parameter --fee detected, setting fee to: 0.002 ...
2026-08-17 18:08:12,520 - freqtrade.configuration.configuration - INFO - Parameter --timerange detected: 20260101-20260501 ...
2026-08-17 18:08:12,521 - freqtrade.configuration.configuration - INFO - Using user-data directory: /workspace/scratch/3754652a4c5b/fqt_rnd/reconstruction/freqtrade/user_data ...
2026-08-17 18:08:12,521 - freqtrade.configuration.configuration - INFO - Using data directory: /workspace/scratch/3754652a4c5b/fqt_rnd/reconstruction/freqtrade/user_data/data/binance ...
2026-08-17 18:08:12,521 - freqtrade.configuration.configuration - INFO - Using ../../results/champion_common_fee_002 as backtest directory ...
2026-08-17 18:08:12,522 - freqtrade.configuration.configuration - INFO - Parameter --export detected: trades ...
2026-08-17 18:08:12,522 - freqtrade.configuration.configuration - INFO - Parameter --cache=none detected ...
2026-08-17 18:08:12,522 - freqtrade.configuration.configuration - INFO - Filter trades by timerange: 20260101-20260501
2026-08-17 18:08:12,523 - freqtrade.exchange.check_exchange - INFO - Checking exchange...
2026-08-17 18:08:12,530 - freqtrade.exchange.check_exchange - INFO - Exchange "binance" is officially supported by the Freqtrade development team.
2026-08-17 18:08:12,530 - freqtrade.configuration.configuration - INFO - Using pairlist from configuration.
2026-08-17 18:08:12,531 - freqtrade.configuration.config_validation - INFO - Validating configuration ...
2026-08-17 18:08:12,533 - freqtrade.commands.optimize_commands - INFO - Starting freqtrade in Backtesting mode
2026-08-17 18:08:12,533 - freqtrade.exchange.exchange - INFO - Instance is running with dry_run enabled
2026-08-17 18:08:12,534 - freqtrade.exchange.exchange - INFO - Using CCXT 4.5.51
2026-08-17 18:08:12,534 - freqtrade.exchange.exchange - INFO - Applying additional ccxt config: {'enableRateLimit': False, 'options': {'adjustForTimeDifference': False, 'defaultType': 'spot'}}
2026-08-17 18:08:12,539 - freqtrade.exchange.exchange - INFO - Applying additional ccxt config: {'enableRateLimit': False, 'options': {'adjustForTimeDifference': False, 'defaultType': 'spot'}, 
'aiohttp_trust_env': True}
2026-08-17 18:08:12,545 - freqtrade.exchange.exchange - INFO - Using Exchange "Binance"
2026-08-17 18:08:12,546 - freqtrade.resolvers.exchange_resolver - INFO - Using resolved exchange 'Binance'...
2026-08-17 18:08:12,682 - freqtrade.resolvers.iresolver - INFO - Using resolved strategy ED8 from '/workspace/scratch/3754652a4c5b/fqt_rnd/champion/frozen/ED8_V741_E001FastCapture10m08bp.py'...
2026-08-17 18:08:12,682 - freqtrade.strategy.hyper - INFO - Found no parameter file.
2026-08-17 18:08:12,683 - freqtrade.resolvers.strategy_resolver - INFO - Override strategy 'timeframe' with value from the configuration: 1m.
2026-08-17 18:08:12,683 - freqtrade.resolvers.strategy_resolver - INFO - Override strategy 'order_types' with value from the configuration: {'entry': 'limit', 'exit': 'limit', 'stoploss': 'market', 
'stoploss_on_exchange': False, 'emergency_exit': 'market'}.
2026-08-17 18:08:12,684 - freqtrade.resolvers.strategy_resolver - INFO - Override strategy 'order_time_in_force' with value from the configuration: {'entry': 'GTC', 'exit': 'GTC'}.
2026-08-17 18:08:12,684 - freqtrade.resolvers.strategy_resolver - INFO - Override strategy 'stake_currency' with value from the configuration: USDC.
2026-08-17 18:08:12,684 - freqtrade.resolvers.strategy_resolver - INFO - Override strategy 'stake_amount' with value from the configuration: unlimited.
2026-08-17 18:08:12,684 - freqtrade.resolvers.strategy_resolver - INFO - Override strategy 'unfilledtimeout' with value from the configuration: {'entry': 90, 'exit': 120, 'unit': 'seconds', 
'exit_timeout_count': 0}.
2026-08-17 18:08:12,685 - freqtrade.resolvers.strategy_resolver - INFO - Override strategy 'max_open_trades' with value from the configuration: 1.
2026-08-17 18:08:12,685 - freqtrade.resolvers.strategy_resolver - INFO - Strategy using minimal_roi: {'0': 0.03, '45': 0.021, '180': 0.01, '720': 0.005, '1440': 0.002}
2026-08-17 18:08:12,686 - freqtrade.resolvers.strategy_resolver - INFO - Strategy using timeframe: 1m
2026-08-17 18:08:12,686 - freqtrade.resolvers.strategy_resolver - INFO - Strategy using stoploss: -0.022
2026-08-17 18:08:12,686 - freqtrade.resolvers.strategy_resolver - INFO - Strategy using trailing_stop: True
2026-08-17 18:08:12,686 - freqtrade.resolvers.strategy_resolver - INFO - Strategy using trailing_stop_positive: 0.009
2026-08-17 18:08:12,689 - freqtrade.resolvers.strategy_resolver - INFO - Strategy using trailing_stop_positive_offset: 0.02
2026-08-17 18:08:12,689 - freqtrade.resolvers.strategy_resolver - INFO - Strategy using trailing_only_offset_is_reached: True
2026-08-17 18:08:12,689 - freqtrade.resolvers.strategy_resolver - INFO - Strategy using use_custom_stoploss: True
2026-08-17 18:08:12,690 - freqtrade.resolvers.strategy_resolver - INFO - Strategy using process_only_new_candles: True
2026-08-17 18:08:12,691 - freqtrade.resolvers.strategy_resolver - INFO - Strategy using order_types: {'entry': 'limit', 'exit': 'limit', 'stoploss': 'market', 'stoploss_on_exchange': False, 
'emergency_exit': 'market'}
2026-08-17 18:08:12,692 - freqtrade.resolvers.strategy_resolver - INFO - Strategy using order_time_in_force: {'entry': 'GTC', 'exit': 'GTC'}
2026-08-17 18:08:12,692 - freqtrade.resolvers.strategy_resolver - INFO - Strategy using stake_currency: USDC
2026-08-17 18:08:12,693 - freqtrade.resolvers.strategy_resolver - INFO - Strategy using stake_amount: unlimited
2026-08-17 18:08:12,693 - freqtrade.resolvers.strategy_resolver - INFO - Strategy using startup_candle_count: 1600
2026-08-17 18:08:12,693 - freqtrade.resolvers.strategy_resolver - INFO - Strategy using unfilledtimeout: {'entry': 90, 'exit': 120, 'unit': 'seconds', 'exit_timeout_count': 0}
2026-08-17 18:08:12,693 - freqtrade.resolvers.strategy_resolver - INFO - Strategy using use_exit_signal: True
2026-08-17 18:08:12,693 - freqtrade.resolvers.strategy_resolver - INFO - Strategy using exit_profit_only: True
2026-08-17 18:08:12,693 - freqtrade.resolvers.strategy_resolver - INFO - Strategy using ignore_roi_if_entry_signal: False
2026-08-17 18:08:12,693 - freqtrade.resolvers.strategy_resolver - INFO - Strategy using exit_profit_offset: 0.001
2026-08-17 18:08:12,694 - freqtrade.resolvers.strategy_resolver - INFO - Strategy using disable_dataframe_checks: False
2026-08-17 18:08:12,694 - freqtrade.resolvers.strategy_resolver - INFO - Strategy using ignore_buying_expired_candle_after: 0
2026-08-17 18:08:12,694 - freqtrade.resolvers.strategy_resolver - INFO - Strategy using position_adjustment_enable: False
2026-08-17 18:08:12,694 - freqtrade.resolvers.strategy_resolver - INFO - Strategy using max_entry_position_adjustment: -1
2026-08-17 18:08:12,694 - freqtrade.resolvers.strategy_resolver - INFO - Strategy using max_open_trades: 1
2026-08-17 18:08:12,694 - freqtrade.configuration.config_validation - INFO - Validating configuration ...
2026-08-17 18:08:12,698 - freqtrade.resolvers.iresolver - INFO - Using resolved pairlist StaticPairList from 
'/workspace/scratch/3754652a4c5b/fqt_rnd/reconstruction/freqtrade/freqtrade/plugins/pairlist/StaticPairList.py'...
2026-08-17 18:08:12,698 - freqtrade.optimize.backtesting - INFO - Using fee 0.2000% from config.
2026-08-17 18:08:12,699 - freqtrade.exchange.exchange - WARNING - Using 2 calls to get OHLCV. This can result in slower operations for the bot. Please check if you really need 1600 candles for your 
strategy.
2026-08-17 18:08:13,760 - freqtrade.optimize.backtesting - INFO - Loading data from 2025-12-30 21:20:00 up to 2026-05-01 00:00:00 (121 days).
2026-08-17 18:08:15,005 - freqtrade.optimize.backtesting - INFO - Dataload complete. Calculating indicators
2026-08-17 18:08:15,006 - freqtrade.optimize.backtesting - INFO - Running backtesting for Strategy ED8
2026-08-17 18:08:15,006 - freqtrade.strategy.hyper - INFO - No params for buy found, using default values.
2026-08-17 18:08:15,007 - freqtrade.strategy.hyper - INFO - Strategy Parameter(default): clean_pullback_penalty = 0
2026-08-17 18:08:15,007 - freqtrade.strategy.hyper - INFO - Strategy Parameter(default): edge_hit_min = 1
2026-08-17 18:08:15,007 - freqtrade.strategy.hyper - INFO - Strategy Parameter(default): entry_score_min = 55
2026-08-17 18:08:15,007 - freqtrade.strategy.hyper - INFO - Strategy Parameter(default): max_risk_score = 78
2026-08-17 18:08:15,007 - freqtrade.strategy.hyper - INFO - Strategy Parameter(default): quarantine_edge_penalty = 0
2026-08-17 18:08:15,008 - freqtrade.strategy.hyper - INFO - Strategy Parameter(default): regime_score_min = 30
2026-08-17 18:08:15,008 - freqtrade.strategy.hyper - INFO - Strategy Parameter(default): soft_gate_min = 3
2026-08-17 18:08:15,008 - freqtrade.strategy.hyper - INFO - No params for sell found, using default values.
2026-08-17 18:08:15,008 - freqtrade.strategy.hyper - INFO - Strategy Parameter(default): defensive_stop_profit = -0.018
2026-08-17 18:08:15,009 - freqtrade.strategy.hyper - INFO - Strategy Parameter(default): exit_pressure_min = 82
2026-08-17 18:08:15,009 - freqtrade.strategy.hyper - INFO - Strategy Parameter(default): loss_exit_min_minutes = 25
2026-08-17 18:08:15,009 - freqtrade.strategy.hyper - INFO - Strategy Parameter(default): loss_exit_pressure_min = 78
2026-08-17 18:08:15,009 - freqtrade.strategy.hyper - INFO - Strategy Parameter(default): loss_exit_risk_min = 64
2026-08-17 18:08:15,009 - freqtrade.strategy.hyper - INFO - Strategy Parameter(default): profit_decay_min = 0.018
2026-08-17 18:08:15,009 - freqtrade.strategy.hyper - INFO - Strategy Parameter(default): time_decay_minutes = 1440
2026-08-17 18:08:18,728 - freqtrade.optimize.backtesting - INFO - Backtesting with data from 2026-01-01 00:00:00 up to 2026-05-01 00:00:00 (120 days).
2026-08-17 18:08:24,762 - freqtrade.misc - INFO - dumping json to "../../results/champion_common_fee_002/backtest-result-2026-08-17_18-08-24.meta.json"
Result for strategy ED8
                                             BACKTESTING REPORT                                              
┏━━━━━━━━━━┳━━━━━━━━┳━━━━━━━━━━━━━━┳━━━━━━━━━━━━━━━━━┳━━━━━━━━━━━━━━┳━━━━━━━━━━━━━━┳━━━━━━━━━━━━━━━━━━━━━━━━┓
┃     Pair ┃ Trades ┃ Avg Profit % ┃ Tot Profit USDC ┃ Tot Profit % ┃ Avg Duration ┃  Win  Draw  Loss  Win% ┃
┡━━━━━━━━━━╇━━━━━━━━╇━━━━━━━━━━━━━━╇━━━━━━━━━━━━━━━━━╇━━━━━━━━━━━━━━╇━━━━━━━━━━━━━━╇━━━━━━━━━━━━━━━━━━━━━━━━┩
│ BTC/USDC │     19 │          0.7 │         139.733 │        13.97 │      6:03:00 │   15     0     4  78.9 │
│    TOTAL │     19 │          0.7 │         139.733 │        13.97 │      6:03:00 │   15     0     4  78.9 │
└──────────┴────────┴──────────────┴─────────────────┴──────────────┴──────────────┴────────────────────────┘
                                         LEFT OPEN TRADES REPORT                                          
┏━━━━━━━┳━━━━━━━━┳━━━━━━━━━━━━━━┳━━━━━━━━━━━━━━━━━┳━━━━━━━━━━━━━━┳━━━━━━━━━━━━━━┳━━━━━━━━━━━━━━━━━━━━━━━━┓
┃  Pair ┃ Trades ┃ Avg Profit % ┃ Tot Profit USDC ┃ Tot Profit % ┃ Avg Duration ┃  Win  Draw  Loss  Win% ┃
┡━━━━━━━╇━━━━━━━━╇━━━━━━━━━━━━━━╇━━━━━━━━━━━━━━━━━╇━━━━━━━━━━━━━━╇━━━━━━━━━━━━━━╇━━━━━━━━━━━━━━━━━━━━━━━━┩
│ TOTAL │      0 │          0.0 │           0.000 │          0.0 │         0:00 │    0     0     0     0 │
└───────┴────────┴──────────────┴─────────────────┴──────────────┴──────────────┴────────────────────────┘
                                                                       ENTER TAG STATS                                                                        
┏━━━━━━━━━━━━━━━━━━━━━━━━━━━━━━━━━━━━━━━━━━━━━━━━━━━━━━━━┳━━━━━━━━━┳━━━━━━━━━━━━━━┳━━━━━━━━━━━━━━━━━┳━━━━━━━━━━━━━━┳━━━━━━━━━━━━━━━━┳━━━━━━━━━━━━━━━━━━━━━━━━┓
┃                                              Enter Tag ┃ Entries ┃ Avg Profit % ┃ Tot Profit USDC ┃ Tot Profit % ┃   Avg Duration ┃  Win  Draw  Loss  Win% ┃
┡━━━━━━━━━━━━━━━━━━━━━━━━━━━━━━━━━━━━━━━━━━━━━━━━━━━━━━━━╇━━━━━━━━━╇━━━━━━━━━━━━━━╇━━━━━━━━━━━━━━━━━╇━━━━━━━━━━━━━━╇━━━━━━━━━━━━━━━━╇━━━━━━━━━━━━━━━━━━━━━━━━┩
│     ED8|volatility_sho|e005|trend_pullback|s81|rnormal │       2 │          2.1 │          43.593 │         4.36 │        1:56:00 │    2     0     0   100 │
│     ED8|dirty_chop|e059|capitulation_recov|s67|rnormal │       5 │         0.81 │          42.948 │         4.29 │        8:04:00 │    4     0     1  80.0 │
│      ED8|clean_uptrend|e104|trend_pullback|s67|rnormal │       1 │          2.1 │          21.850 │         2.18 │        1:10:00 │    1     0     0   100 │
│ ED8|volatility_sho|e007|continuation_momen|s66|rnormal │       1 │          2.1 │          21.004 │          2.1 │        0:46:00 │    1     0     0   100 │
│         ED8|dirty_chop|e001|trend_pullback|s82|rnormal │       5 │         0.33 │          17.716 │         1.77 │        3:40:00 │    4     0     1  80.0 │
│ ED8|range_rotation|e083|capitulation_recov|s69|rnormal │       1 │          1.0 │          10.478 │         1.05 │        4:14:00 │    1     0     0   100 │
│ ED8|volatility_sho|e121|continuation_momen|s69|rnormal │       1 │          0.8 │           8.899 │         0.89 │        1:06:00 │    1     0     0   100 │
│  ED8|clean_uptrend|e036|capitulation_recov|s76|rnormal │       1 │          0.5 │           4.900 │         0.49 │       14:48:00 │    1     0     0   100 │
│     ED8|pullback_in_up|e133|range_reversal|s61|rnormal │       1 │        -1.21 │         -11.970 │         -1.2 │ 1 day, 5:42:00 │    0     0     1     0 │
│ ED8|breakout_expan|e059|capitulation_recov|s67|rnormal │       1 │        -1.85 │         -19.686 │        -1.97 │        0:40:00 │    0     0     1     0 │
│                                                  TOTAL │      19 │          0.7 │         139.733 │        13.97 │        6:03:00 │   15     0     4  78.9 │
└────────────────────────────────────────────────────────┴─────────┴──────────────┴─────────────────┴──────────────┴────────────────┴────────────────────────┘
                                                          EXIT REASON STATS                                                          
┏━━━━━━━━━━━━━━━━━━━━━━━━━━━━━━━━━┳━━━━━━━┳━━━━━━━━━━━━━━┳━━━━━━━━━━━━━━━━━┳━━━━━━━━━━━━━━┳━━━━━━━━━━━━━━━━┳━━━━━━━━━━━━━━━━━━━━━━━━┓
┃                     Exit Reason ┃ Exits ┃ Avg Profit % ┃ Tot Profit USDC ┃ Tot Profit % ┃   Avg Duration ┃  Win  Draw  Loss  Win% ┃
┡━━━━━━━━━━━━━━━━━━━━━━━━━━━━━━━━━╇━━━━━━━╇━━━━━━━━━━━━━━╇━━━━━━━━━━━━━━━━━╇━━━━━━━━━━━━━━╇━━━━━━━━━━━━━━━━╇━━━━━━━━━━━━━━━━━━━━━━━━┩
│                             roi │    11 │         1.37 │         156.696 │        15.67 │        5:57:00 │   11     0     0   100 │
│   profit_capture|e001_fast_save │     3 │         0.84 │          26.101 │         2.61 │        1:04:00 │    3     0     0   100 │
│              trailing_stop_loss │     3 │        -0.38 │         -11.408 │        -1.14 │        5:21:00 │    1     0     2  33.3 │
│   risk_stop|v705_stale_loss_cut │     1 │        -1.21 │         -11.970 │         -1.2 │ 1 day, 5:42:00 │    0     0     1     0 │
│ risk_stop|v705_context_loss_cut │     1 │        -1.85 │         -19.686 │        -1.97 │        0:40:00 │    0     0     1     0 │
│                           TOTAL │    19 │          0.7 │         139.733 │        13.97 │        6:03:00 │   15     0     4  78.9 │
└─────────────────────────────────┴───────┴──────────────┴─────────────────┴──────────────┴────────────────┴────────────────────────┘
                                                                                        MIXED TAG STATS                                                                                        
┏━━━━━━━━━━━━━━━━━━━━━━━━━━━━━━━━━━━━━━━━━━━━━━━━━━━━━━━━┳━━━━━━━━━━━━━━━━━━━━━━━━━━━━━━━━━┳━━━━━━━━┳━━━━━━━━━━━━━━┳━━━━━━━━━━━━━━━━━┳━━━━━━━━━━━━━━┳━━━━━━━━━━━━━━━━┳━━━━━━━━━━━━━━━━━━━━━━━━┓
┃                                              Enter Tag ┃                     Exit Reason ┃ Trades ┃ Avg Profit % ┃ Tot Profit USDC ┃ Tot Profit % ┃   Avg Duration ┃  Win  Draw  Loss  Win% ┃
┡━━━━━━━━━━━━━━━━━━━━━━━━━━━━━━━━━━━━━━━━━━━━━━━━━━━━━━━━╇━━━━━━━━━━━━━━━━━━━━━━━━━━━━━━━━━╇━━━━━━━━╇━━━━━━━━━━━━━━╇━━━━━━━━━━━━━━━━━╇━━━━━━━━━━━━━━╇━━━━━━━━━━━━━━━━╇━━━━━━━━━━━━━━━━━━━━━━━━┩
│     ED8|dirty_chop|e059|capitulation_recov|s67|rnormal │                             roi │      4 │         1.17 │          49.657 │         4.97 │        6:50:00 │    4     0     0   100 │
│     ED8|volatility_sho|e005|trend_pullback|s81|rnormal │                             roi │      2 │          2.1 │          43.593 │         4.36 │        1:56:00 │    2     0     0   100 │
│         ED8|dirty_chop|e001|trend_pullback|s82|rnormal │   profit_capture|e001_fast_save │      3 │         0.84 │          26.101 │         2.61 │        1:04:00 │    3     0     0   100 │
│      ED8|clean_uptrend|e104|trend_pullback|s67|rnormal │                             roi │      1 │          2.1 │          21.850 │         2.18 │        1:10:00 │    1     0     0   100 │
│ ED8|volatility_sho|e007|continuation_momen|s66|rnormal │                             roi │      1 │          2.1 │          21.004 │          2.1 │        0:46:00 │    1     0     0   100 │
│ ED8|range_rotation|e083|capitulation_recov|s69|rnormal │                             roi │      1 │          1.0 │          10.478 │         1.05 │        4:14:00 │    1     0     0   100 │
│ ED8|volatility_sho|e121|continuation_momen|s69|rnormal │              trailing_stop_loss │      1 │          0.8 │           8.899 │         0.89 │        1:06:00 │    1     0     0   100 │
│         ED8|dirty_chop|e001|trend_pullback|s82|rnormal │                             roi │      1 │          0.5 │           5.213 │         0.52 │       13:15:00 │    1     0     0   100 │
│  ED8|clean_uptrend|e036|capitulation_recov|s76|rnormal │                             roi │      1 │          0.5 │           4.900 │         0.49 │       14:48:00 │    1     0     0   100 │
│     ED8|dirty_chop|e059|capitulation_recov|s67|rnormal │              trailing_stop_loss │      1 │         -0.6 │          -6.709 │        -0.67 │       13:03:00 │    0     0     1     0 │
│     ED8|pullback_in_up|e133|range_reversal|s61|rnormal │   risk_stop|v705_stale_loss_cut │      1 │        -1.21 │         -11.970 │         -1.2 │ 1 day, 5:42:00 │    0     0     1     0 │
│         ED8|dirty_chop|e001|trend_pullback|s82|rnormal │              trailing_stop_loss │      1 │        -1.35 │         -13.598 │        -1.36 │        1:54:00 │    0     0     1     0 │
│ ED8|breakout_expan|e059|capitulation_recov|s67|rnormal │ risk_stop|v705_context_loss_cut │      1 │        -1.85 │         -19.686 │        -1.97 │        0:40:00 │    0     0     1     0 │
│                                                  TOTAL │                                 │     19 │          0.7 │         139.733 │        13.97 │        6:03:00 │   15     0     4  78.9 │
└────────────────────────────────────────────────────────┴─────────────────────────────────┴────────┴──────────────┴─────────────────┴──────────────┴────────────────┴────────────────────────┘
                                   SUMMARY METRICS                                    
┏━━━━━━━━━━━━━━━━━━━━━━━━━━━━━━━━━━━━━━━━┳━━━━━━━━━━━━━━━━━━━━━━━━━━━━━━━━━━━━━━━━━━━┓
┃ Metric                                 ┃ Value                                     ┃
┡━━━━━━━━━━━━━━━━━━━━━━━━━━━━━━━━━━━━━━━━╇━━━━━━━━━━━━━━━━━━━━━━━━━━━━━━━━━━━━━━━━━━━┩
│ Backtesting from                       │ 2026-01-01 00:00:00                       │
│ Backtesting to                         │ 2026-05-01 00:00:00                       │
│ Trading Mode                           │ Spot                                      │
│ Max open trades                        │ 1                                         │
│                                        │                                           │
│ Total/Daily Avg Trades                 │ 19 / 0.16                                 │
│ Starting balance                       │ 1000 USDC                                 │
│ Final balance                          │ 1139.733 USDC                             │
│ Absolute profit                        │ 139.733 USDC                              │
│ Total profit %                         │ 13.97%                                    │
│ CAGR %                                 │ 48.86%                                    │
│ Sharpe (closed trades)                 │ 1.82                                      │
│ Sortino (closed trades)                │ 4.81                                      │
│ Calmar (closed trades)                 │ 121.01                                    │
│ SQN                                    │ 2.55                                      │
│ Profit factor                          │ 3.69                                      │
│ Expectancy (Ratio)                     │ 7.35 (0.57)                               │
│ Avg. daily profit                      │ 1.164 USDC                                │
│ Avg. stake amount                      │ 1044.94 USDC                              │
│ Market change                          │ -12.76%                                   │
│ Total trade volume                     │ 40007.174 USDC                            │
│                                        │                                           │
│ Best Pair                              │ BTC/USDC 13.97%                           │
│ Worst Pair                             │ BTC/USDC 13.97%                           │
│ Best trade                             │ BTC/USDC 2.10%                            │
│ Worst trade                            │ BTC/USDC -1.85%                           │
│ Best day                               │ 62.444 USDC                               │
│ Worst day                              │ -19.686 USDC                              │
│ Days win/draw/lose                     │ 12 / 79 / 4                               │
│ Min/Max/Avg. Duration Winners          │ 0d 00:26 / 0d 14:48 / 0d 04:39            │
│ Min/Max/Avg. Duration Losers           │ 0d 00:40 / 1d 05:42 / 0d 11:20            │
│ Max Consecutive Wins / Loss            │ 6 / 1                                     │
│ Rejected Entry signals                 │ 0                                         │
│ Entry/Exit Timeouts                    │ 0 / 0                                     │
│                                        │                                           │
│ Min/Max balance (closed trades)        │ 988.03 USDC / 1139.733 USDC               │
│ Max % of account underwater            │ 1.84%                                     │
│ Absolute drawdown                      │ 19.686 USDC (1.84%)                       │
│ Drawdown duration                      │ 4 days 23:20:00                           │
│ Profit at drawdown start               │ 70.779 USDC                               │
│ Profit at drawdown end                 │ 51.093 USDC                               │
│ Drawdown start                         │ 2026-02-06 17:32:00                       │
│ Drawdown end                           │ 2026-02-11 16:52:00                       │
│                                        │                                           │
│ Wallet based Metrics                   │                                           │
│ Min/Max balance (wallet balance)       │ 980.269 USDC / 1151.038 USDC              │
│ Min/Max balance dates (wallet balance) │ 2026-01-12 21:58:00 / 2026-04-07 23:30:00 │
│ Max % of account underwater (balance)  │ 2.77%                                     │
│ Absolute drawdown (wallet balance)     │ 28.434 USDC (2.77%)                       │
│ Drawdown duration                      │ 2 days 01:24:00                           │
│ Profit at drawdown start               │ 25.479 USDC                               │
│ Profit at drawdown end                 │ -2.954 USDC                               │
│ Drawdown start                         │ 2026-02-02 01:29:00                       │
│ Drawdown end                           │ 2026-02-04 02:53:00                       │
│ Sharpe (daily wallet balance)          │ 2.92                                      │
│ Sortino (daily wallet balance)         │ 4.11                                      │
│ Calmar (daily wallet balance)          │ 80.91                                     │
└────────────────────────────────────────┴───────────────────────────────────────────┘

Backtested 2026-01-01 00:00:00 -> 2026-05-01 00:00:00 | Max open trades : 1
                                                         STRATEGY SUMMARY                                                         
┏━━━━━━━━━━┳━━━━━━━━┳━━━━━━━━━━━━━━┳━━━━━━━━━━━━━━━━━┳━━━━━━━━━━━━━━┳━━━━━━━━━━━━━━┳━━━━━━━━━━━━━━━━━━━━━━━━┳━━━━━━━━━━━━━━━━━━━━┓
┃ Strategy ┃ Trades ┃ Avg Profit % ┃ Tot Profit USDC ┃ Tot Profit % ┃ Avg Duration ┃  Win  Draw  Loss  Win% ┃           Drawdown ┃
┡━━━━━━━━━━╇━━━━━━━━╇━━━━━━━━━━━━━━╇━━━━━━━━━━━━━━━━━╇━━━━━━━━━━━━━━╇━━━━━━━━━━━━━━╇━━━━━━━━━━━━━━━━━━━━━━━━╇━━━━━━━━━━━━━━━━━━━━┩
│      ED8 │     19 │         0.70 │         139.733 │        13.97 │      6:03:00 │   15     0     4  78.9 │ 19.686 USDC  1.84% │
└──────────┴────────┴──────────────┴─────────────────┴──────────────┴──────────────┴────────────────────────┴────────────────────┘
